
There are no discarded input sections

Memory Configuration

Name             Origin             Length             Attributes
BOOT2            0x10000000         0x00000100         xr
FLASH            0x10000100         0x001fff00         xr
RAM              0x20000000         0x00042000         xrw
*default*        0x00000000         0xffffffff

Linker script and memory map

LOAD CMakeFiles/firmware.elf.dir/boot2_checked.S.o
LOAD CMakeFiles/firmware.elf.dir/vectors.S.o
LOAD CMakeFiles/firmware.elf.dir/startup.c.o
LOAD CMakeFiles/firmware.elf.dir/main.c.o

.boot2          0x10000000      0x100
 *(.boot2)
 .boot2         0x10000000      0x100 CMakeFiles/firmware.elf.dir/boot2_checked.S.o

.text           0x10000100      0x118
 *(.vectors)
 .vectors       0x10000100       0x12 CMakeFiles/firmware.elf.dir/vectors.S.o
                0x10000100                vector_table
 *(.text._start)
 *fill*         0x10000112        0x2 
 .text._start   0x10000114        0xc CMakeFiles/firmware.elf.dir/startup.c.o
                0x10000114                _start
 *(.text)
 .text          0x10000120        0x0 CMakeFiles/firmware.elf.dir/boot2_checked.S.o
 .text          0x10000120        0x0 CMakeFiles/firmware.elf.dir/vectors.S.o
 .text          0x10000120       0x58 CMakeFiles/firmware.elf.dir/startup.c.o
                0x10000120                _c_startup
 .text          0x10000178        0x0 CMakeFiles/firmware.elf.dir/main.c.o
 *(.text*)
 .text.startup  0x10000178       0xa0 CMakeFiles/firmware.elf.dir/main.c.o
                0x10000178                main

.glue_7         0x10000218        0x0
 .glue_7        0x10000218        0x0 linker stubs

.glue_7t        0x10000218        0x0
 .glue_7t       0x10000218        0x0 linker stubs

.vfp11_veneer   0x10000218        0x0
 .vfp11_veneer  0x10000218        0x0 linker stubs

.v4_bx          0x10000218        0x0
 .v4_bx         0x10000218        0x0 linker stubs

.iplt           0x10000218        0x0
 .iplt          0x10000218        0x0 CMakeFiles/firmware.elf.dir/vectors.S.o

.rel.dyn        0x10000218        0x0
 .rel.iplt      0x10000218        0x0 CMakeFiles/firmware.elf.dir/vectors.S.o

.rodata
 *(.rodata)
 *(.rodata*)

.data           0x20000000        0x0 load address 0x10000218
                0x20000000                        __data_start = .
 *(.data)
 .data          0x20000000        0x0 CMakeFiles/firmware.elf.dir/boot2_checked.S.o
 .data          0x20000000        0x0 CMakeFiles/firmware.elf.dir/vectors.S.o
 .data          0x20000000        0x0 CMakeFiles/firmware.elf.dir/startup.c.o
 .data          0x20000000        0x0 CMakeFiles/firmware.elf.dir/main.c.o
 *(.data*)
                0x20000000                        __data_end = .
                0x10000218                        __data_load = LOADADDR (.data)

.igot.plt       0x20000000        0x0 load address 0x10000218
 .igot.plt      0x20000000        0x0 CMakeFiles/firmware.elf.dir/vectors.S.o

.bss            0x20000000        0x4 load address 0x10000218
                0x20000000                        __bss_start = .
 *(.bss)
 .bss           0x20000000        0x0 CMakeFiles/firmware.elf.dir/boot2_checked.S.o
 .bss           0x20000000        0x0 CMakeFiles/firmware.elf.dir/vectors.S.o
 .bss           0x20000000        0x0 CMakeFiles/firmware.elf.dir/startup.c.o
 .bss           0x20000000        0x4 CMakeFiles/firmware.elf.dir/main.c.o
                0x20000000                i
 *(.bss*)
 *(COMMON)
                0x20000004                        __bss_end = .
                0x20042000                        _stack_top = (ORIGIN (RAM) + LENGTH (RAM))
OUTPUT(firmware.elf elf32-littlearm)
LOAD linker stubs

.ARM.attributes
                0x00000000       0x2e
 .ARM.attributes
                0x00000000       0x22 CMakeFiles/firmware.elf.dir/boot2_checked.S.o
 .ARM.attributes
                0x00000022       0x22 CMakeFiles/firmware.elf.dir/vectors.S.o
 .ARM.attributes
                0x00000044       0x2c CMakeFiles/firmware.elf.dir/startup.c.o
 .ARM.attributes
                0x00000070       0x2c CMakeFiles/firmware.elf.dir/main.c.o

.comment        0x00000000       0x1e
 .comment       0x00000000       0x1e CMakeFiles/firmware.elf.dir/startup.c.o
                                 0x1f (size before relaxing)
 .comment       0x0000001e       0x1f CMakeFiles/firmware.elf.dir/main.c.o
